C:\Users\karll\Downloads\sss\azure_final\src\azurewallet\main\MainApp.java:23: error: package azurewallet.utils does not exist
import azurewallet.utils.CardUtil;
                        ^
C:\Users\karll\Downloads\sss\azure_final\src\azurewallet\main\AzureDigitalApp.java:76: error: package azurewallet.utils does not exist
        String vbn = azurewallet.utils.CardUtil.generateLuhn16();
                                      ^
C:\Users\karll\Downloads\sss\azure_final\src\azurewallet\main\MainApp.java:1590: error: cannot find symbol
        String cardDisplay = (vbn == null || vbn.isBlank()) ? "**** **** **** ****" : CardUtil.formatCardNumber(vbn).replaceAll("\\d(?=.*\\d{4})", "*");
                                                                                      ^
  symbol:   variable CardUtil
  location: class MainApp
C:\Users\karll\Downloads\sss\azure_final\src\azurewallet\main\MainApp.java:1598: error: cannot find symbol
        Label expiry = new Label((vbn == null || vbn.isBlank()) ? "" : "Exp: " + CardUtil.generateExpiry());
                                                                                 ^
  symbol:   variable CardUtil
  location: class MainApp
4 errors
