Picked up JAVA_TOOL_OPTIONS: -Dstdout.encoding=UTF-8 -Dstderr.encoding=UTF-8
WARNING: A terminally deprecated method in sun.misc.Unsafe has been called
WARNING: sun.misc.Unsafe::staticFieldBase has been called by com.google.inject.internal.aop.HiddenClassDefiner (file:/C:/Users/Cess/AppData/Roaming/Code/User/globalStorage/pleiades.java-extension-pack-jdk/maven/latest/lib/guice-5.1.0-classes.jar)
WARNING: Please consider reporting this to the maintainers of class com.google.inject.internal.aop.HiddenClassDefiner
WARNING: sun.misc.Unsafe::staticFieldBase will be removed in a future release
[INFO] Scanning for projects...
[INFO] 
[INFO] ----------------------< blablablayou:azure_final >----------------------
[INFO] Building azure_final 1.0-SNAPSHOT
[INFO]   from pom.xml
[INFO] --------------------------------[ jar ]---------------------------------
[INFO] 
[INFO] >>> javafx:0.0.8:run (default-cli) > process-classes @ azure_final >>>
[WARNING] 6 problems were encountered while building the effective model for org.openjfx:javafx-controls:jar:win:21.0.1 during dependency collection step for project (use -X to see details)
[INFO] 
[INFO] --- resources:3.3.1:resources (default-resources) @ azure_final ---
[INFO] Copying 3 resources from src\main\resources to target\classes
[INFO] 
[INFO] --- compiler:3.11.0:compile (default-compile) @ azure_final ---
[INFO] Changes detected - recompiling the module! :source
[INFO] Compiling 14 source files with javac [debug release 21] to target\classes
[INFO] /c:/Users/Cess/OneDrive/Desktop/Azure_Final/src/azurewallet/main/MainApp.java: c:\Users\Cess\OneDrive\Desktop\Azure_Final\src\azurewallet\main\MainApp.java uses unchecked or unsafe operations.
[INFO] /c:/Users/Cess/OneDrive/Desktop/Azure_Final/src/azurewallet/main/MainApp.java: Recompile with -Xlint:unchecked for details.
[INFO] 
[INFO] <<< javafx:0.0.8:run (default-cli) < process-classes @ azure_final <<<
[INFO] 
[INFO] 
[INFO] --- javafx:0.0.8:run (default-cli) @ azure_final ---
Picked up JAVA_TOOL_OPTIONS: -Dstdout.encoding=UTF-8 -Dstderr.encoding=UTF-8
WARNING: A restricted method in java.lang.System has been called
WARNING: java.lang.System::load has been called by com.sun.glass.utils.NativeLibLoader in module javafx.graphics (file:/C:/Users/Cess/.m2/repository/org/openjfx/javafx-graphics/21.0.1/javafx-graphics-21.0.1-win.jar)
WARNING: Use --enable-native-access=javafx.graphics to avoid a warning for callers in this module
WARNING: Restricted methods will be blocked in a future release unless native access is enabled

+----------------------------------------------------------+
| Data directory initialized: c:\Users\Cess\OneDrive\Desktop\Azure_Final/src/azurewallet/data/
+----------------------------------------------------------+
Monthly interest applied to all users.
WARNING: A terminally deprecated method in sun.misc.Unsafe has been called
WARNING: sun.misc.Unsafe::allocateMemory has been called by com.sun.marlin.OffHeapArray (file:/C:/Users/Cess/.m2/repository/org/openjfx/javafx-graphics/21.0.1/javafx-graphics-21.0.1-win.jar)
WARNING: Please consider reporting this to the maintainers of class com.sun.marlin.OffHeapArray
WARNING: sun.misc.Unsafe::allocateMemory will be removed in a future release
You have 2 available voucher(s).
You have 2 available voucher(s).
[INFO] ------------------------------------------------------------------------
[INFO] BUILD SUCCESS
[INFO] ------------------------------------------------------------------------
[INFO] Total time:  02:20 min
[INFO] Finished at: 2025-11-26T15:17:23+08:00
[INFO] ------------------------------------------------------------------------
